// Jest Snapshot v1, https://goo.gl/fbAQLP

exports[`BlogExcerpt should match snapshot 1`] = `
.emotion-0 a {
  -webkit-text-decoration: none;
  text-decoration: none;
  color: black;
}

.emotion-0:hover {
  background-color: #f895544d;
}

.emotion-0 p,
.emotion-0 ul > li {
  line-height: 1.7;
}

.emotion-0 p > code {
  background-color: #c697e24d;
}

<div
  className="emotion-0"
>
  <Component>
    <h1 />
    <p />
  </Component>
</div>
`;
